// Jest Snapshot v1, https://goo.gl/fbAQLP

exports[`Smoke Tests for Main AppView.js Validate App Screen snapshot 1`] = `
<div>
  <div>
    <div
      className="LoginForm-root-273"
    >
      <div
        className="MuiGrid-container-285 MuiGrid-justify-xs-center-302"
      >
        <div
          className="MuiGrid-container-285 MuiGrid-spacing-xs-24-309 MuiGrid-align-items-xs-center-293 MuiGrid-justify-xs-center-302 LoginForm-grid-274"
        >
          <div
            className="MuiGrid-item-286 MuiGrid-grid-xs-12-325 MuiGrid-grid-lg-6-361"
          >
            <div
              className="LoginForm-stepContainer-277"
            >
              <div
                className="LoginForm-smallContainer-275"
              >
                <main>
                  <div
                    className="MuiPaper-root-382 MuiPaper-elevation2-386 MuiPaper-rounded-383 LoginForm-paper-281"
                  >
                    <div
                      className="MuiAvatar-root-409 MuiAvatar-colorDefault-410"
                    >
                      <svg
                        aria-hidden="true"
                        className="MuiSvgIcon-root-412"
                        focusable="false"
                        role="presentation"
                        viewBox="0 0 24 24"
                      >
                        <g
                          fill="none"
                        >
                          <path
                            d="M0 0h24v24H0V0z"
                          />
                          <path
                            d="M0 0h24v24H0V0z"
                            opacity=".87"
                          />
                        </g>
                        <path
                          d="M18 8h-1V6c0-2.76-2.24-5-5-5S7 3.24 7 6v2H6c-1.1 0-2 .9-2 2v10c0 1.1.9 2 2 2h12c1.1 0 2-.9 2-2V10c0-1.1-.9-2-2-2zM9 6c0-1.66 1.34-3 3-3s3 1.34 3 3v2H9V6zm9 14H6V10h12v10zm-6-3c1.1 0 2-.9 2-2s-.9-2-2-2-2 .9-2 2 .9 2 2 2z"
                        />
                      </svg>
                    </div>
                    <h1
                      className="MuiTypography-root-421 MuiTypography-h5-437"
                    >
                      Controller Login
                    </h1>
                    <form
                      autoComplete="off"
                      onSubmit={[Function]}
                    >
                      <div
                        className="MuiFormControl-root-457 MuiFormControl-marginNormal-458 MuiFormControl-fullWidth-460"
                      >
                        <label
                          className="MuiFormLabel-root-472 MuiFormLabel-required-477 MuiInputLabel-required-465 MuiInputLabel-root-461 MuiInputLabel-formControl-466 MuiInputLabel-animated-469"
                          data-shrink={false}
                          htmlFor="username"
                        >
                          Username
                          <span
                            className="MuiFormLabel-asterisk-478"
                          >
                             *
                          </span>
                        </label>
                        <div
                          className="MuiInputBase-root-492 MuiInput-root-479 MuiInput-underline-483 MuiInputBase-formControl-493 MuiInput-formControl-480"
                          onClick={[Function]}
                        >
                          <input
                            aria-invalid={false}
                            autoComplete="off"
                            autoFocus={true}
                            className="MuiInputBase-input-502 MuiInput-input-487"
                            disabled={false}
                            id="username"
                            name="username"
                            onBlur={[Function]}
                            onChange={[Function]}
                            onFocus={[Function]}
                            required={true}
                            type="text"
                          />
                        </div>
                      </div>
                      <div
                        className="MuiFormControl-root-457 MuiFormControl-marginNormal-458 MuiFormControl-fullWidth-460 LoginForm-loginBox-284"
                      >
                        <label
                          className="MuiFormLabel-root-472 MuiFormLabel-required-477 MuiInputLabel-required-465 MuiInputLabel-root-461 MuiInputLabel-formControl-466 MuiInputLabel-animated-469"
                          data-shrink={false}
                          htmlFor="password"
                        >
                          Password
                          <span
                            className="MuiFormLabel-asterisk-478"
                          >
                             *
                          </span>
                        </label>
                        <div
                          className="MuiInputBase-root-492 MuiInput-root-479 MuiInput-underline-483 MuiInputBase-formControl-493 MuiInput-formControl-480"
                          onClick={[Function]}
                        >
                          <input
                            aria-describedby="component-error-text"
                            aria-invalid={false}
                            autoComplete="off"
                            className="MuiInputBase-input-502 MuiInput-input-487 MuiInputBase-inputType-505 MuiInput-inputType-490"
                            disabled={false}
                            id="password"
                            name="password"
                            onBlur={[Function]}
                            onChange={[Function]}
                            onFocus={[Function]}
                            required={true}
                            type="password"
                          />
                        </div>
                      </div>
                      <button
                        className="MuiButtonBase-root-535 MuiButton-root-509 MuiButton-contained-520 MuiButton-containedPrimary-521 MuiButton-raised-523 MuiButton-raisedPrimary-524 MuiButton-fullWidth-534 LoginForm-buttonBar-279"
                        disabled={false}
                        onBlur={[Function]}
                        onContextMenu={[Function]}
                        onFocus={[Function]}
                        onKeyDown={[Function]}
                        onKeyUp={[Function]}
                        onMouseDown={[Function]}
                        onMouseLeave={[Function]}
                        onMouseUp={[Function]}
                        onTouchEnd={[Function]}
                        onTouchMove={[Function]}
                        onTouchStart={[Function]}
                        tabIndex="0"
                        type="submit"
                      >
                        <span
                          className="MuiButton-label-510"
                        >
                          Sign in
                        </span>
                        <span
                          className="MuiTouchRipple-root-538"
                        />
                      </button>
                    </form>
                  </div>
                </main>
              </div>
            </div>
          </div>
        </div>
      </div>
    </div>
  </div>
</div>
`;
