// Jest Snapshot v1, https://goo.gl/fbAQLP

exports[`App has a valid snapshot 1`] = `
<div>
  <header>
    <header
      className="MuiPaper-root-197 MuiPaper-elevation4-203 MuiAppBar-root-188 MuiAppBar-positionFixed-189 MuiAppBar-colorPrimary-195 mui-fixed App-header-186"
    >
      <h2
        className="MuiTypography-root-224 MuiTypography-h6-241"
        id="title"
      >
        <a
          href="/"
          onClick={[Function]}
        >
          3GPP CUPS Management
        </a>
      </h2>
    </header>
  </header>
  <main
    className="App-main-187"
  >
    <div
      className="MuiGrid-container-262 MuiGrid-direction-xs-column-265 MuiGrid-align-items-xs-center-270 MuiGrid-justify-xs-center-279"
    >
      <div
        className="MuiGrid-item-263 Loader-item-261"
      >
        <div
          className="MuiCircularProgress-root-359 MuiCircularProgress-colorPrimary-362 MuiCircularProgress-indeterminate-361"
          mode="indeterminate"
          role="progressbar"
          style={
            Object {
              "height": 40,
              "width": 40,
            }
          }
        >
          <svg
            className="MuiCircularProgress-svg-364"
            viewBox="22 22 44 44"
          >
            <circle
              className="MuiCircularProgress-circle-365 MuiCircularProgress-circleIndeterminate-367"
              cx={44}
              cy={44}
              fill="none"
              r={20.2}
              strokeWidth={3.6}
              style={Object {}}
            />
          </svg>
        </div>
      </div>
    </div>
  </main>
</div>
`;
